// Jest Snapshot v1, https://goo.gl/fbAQLP

exports[`addName Saga should call the saveNameError action if the response errors 1`] = `
Object {
  "@@redux-saga/IO": true,
  "SELECT": Object {
    "args": Array [],
    "selector": [Function],
  },
}
`;

exports[`addName Saga should call the saveNameError action if the response errors 2`] = `
Object {
  "@@redux-saga/IO": true,
  "CALL": Object {
    "args": Array [
      "/api/invitees",
      Object {
        "body": "{\\"name\\":\\"test name\\"}",
        "headers": Object {
          "Accept": "application/json",
          "Content-Type": "application/json",
        },
        "method": "POST",
      },
    ],
    "context": null,
    "fn": [Function],
  },
}
`;

exports[`addName Saga should dispatch the nameSaved action if the request is successful 1`] = `
Object {
  "@@redux-saga/IO": true,
  "SELECT": Object {
    "args": Array [],
    "selector": [Function],
  },
}
`;

exports[`addName Saga should dispatch the nameSaved action if the request is successful 2`] = `
Object {
  "@@redux-saga/IO": true,
  "CALL": Object {
    "args": Array [
      "/api/invitees",
      Object {
        "body": "{\\"name\\":\\"test name\\"}",
        "headers": Object {
          "Accept": "application/json",
          "Content-Type": "application/json",
        },
        "method": "POST",
      },
    ],
    "context": null,
    "fn": [Function],
  },
}
`;
